// Jest Snapshot v1, https://goo.gl/fbAQLP

exports[`Component ToDoList renders list 1`] = `
<div
  className="css-vtf7xb"
>
  <div
    className="css-k87agx"
  >
    Список дел
  </div>
  <h1>
    Загрузка данных...
  </h1>
  <form
    onSubmit={[Function]}
  >
    <input
      name="addlistItem"
      onChange={[Function]}
      placeholder="Добавить новую задачу"
      type="text"
      value=""
    />
    <button>
      Добавить
    </button>
  </form>
</div>
`;
