// Jest Snapshot v1, https://goo.gl/fbAQLP

exports[`Test Component AddForm renders AddForm 1`] = `
<form
  onSubmit={[Function]}
>
  <input
    name="addlistItem"
    onChange={[Function]}
    placeholder="Добавить новую задачу"
    type="text"
    value=""
  />
  <button>
    Добавить
  </button>
</form>
`;
